// Jest Snapshot v1, https://goo.gl/fbAQLP

exports[`CardCommit  Snapshot 1`] = `
ShallowWrapper {
  Symbol(enzyme.__root__): [Circular],
  Symbol(enzyme.__unrendered__): <CardCommit
    data={
      Array [
        "description",
        "link",
        "url_avatar",
        "name",
        "date",
        "commit_number",
      ]
    }
  />,
  Symbol(enzyme.__renderer__): Object {
    "batchedUpdates": [Function],
    "getNode": [Function],
    "render": [Function],
    "simulateError": [Function],
    "simulateEvent": [Function],
    "unmount": [Function],
  },
  Symbol(enzyme.__node__): Object {
    "instance": null,
    "key": undefined,
    "nodeType": "class",
    "props": Object {
      "children": Array [
        <Styled(div)>
          <a />
          <div>
            <img
              width="60"
            />
            <a
              href="asd"
            />
            <span />
          </div>
        </Styled(div)>,
        <a
          className="browse"
        >
          <img />
        </a>,
      ],
    },
    "ref": null,
    "rendered": Array [
      Object {
        "instance": null,
        "key": undefined,
        "nodeType": "class",
        "props": Object {
          "children": Array [
            <a />,
            <div>
              <img
                width="60"
              />
              <a
                href="asd"
              />
              <span />
            </div>,
          ],
        },
        "ref": null,
        "rendered": Array [
          Object {
            "instance": null,
            "key": undefined,
            "nodeType": "host",
            "props": Object {
              "children": undefined,
              "href": undefined,
            },
            "ref": null,
            "rendered": null,
            "type": "a",
          },
          Object {
            "instance": null,
            "key": undefined,
            "nodeType": "host",
            "props": Object {
              "children": Array [
                <img
                  width="60"
                />,
                <a
                  href="asd"
                />,
                <span />,
              ],
            },
            "ref": null,
            "rendered": Array [
              Object {
                "instance": null,
                "key": undefined,
                "nodeType": "host",
                "props": Object {
                  "src": undefined,
                  "width": "60",
                },
                "ref": null,
                "rendered": null,
                "type": "img",
              },
              Object {
                "instance": null,
                "key": undefined,
                "nodeType": "host",
                "props": Object {
                  "children": undefined,
                  "href": "asd",
                },
                "ref": null,
                "rendered": null,
                "type": "a",
              },
              Object {
                "instance": null,
                "key": undefined,
                "nodeType": "host",
                "props": Object {
                  "children": undefined,
                },
                "ref": null,
                "rendered": null,
                "type": "span",
              },
            ],
            "type": "div",
          },
        ],
        "type": [Function],
      },
      Object {
        "instance": null,
        "key": undefined,
        "nodeType": "host",
        "props": Object {
          "children": <img />,
          "className": "browse",
        },
        "ref": null,
        "rendered": Object {
          "instance": null,
          "key": undefined,
          "nodeType": "host",
          "props": Object {},
          "ref": null,
          "rendered": null,
          "type": "img",
        },
        "type": "a",
      },
    ],
    "type": [Function],
  },
  Symbol(enzyme.__nodes__): Array [
    Object {
      "instance": null,
      "key": undefined,
      "nodeType": "class",
      "props": Object {
        "children": Array [
          <Styled(div)>
            <a />
            <div>
              <img
                width="60"
              />
              <a
                href="asd"
              />
              <span />
            </div>
          </Styled(div)>,
          <a
            className="browse"
          >
            <img />
          </a>,
        ],
      },
      "ref": null,
      "rendered": Array [
        Object {
          "instance": null,
          "key": undefined,
          "nodeType": "class",
          "props": Object {
            "children": Array [
              <a />,
              <div>
                <img
                  width="60"
                />
                <a
                  href="asd"
                />
                <span />
              </div>,
            ],
          },
          "ref": null,
          "rendered": Array [
            Object {
              "instance": null,
              "key": undefined,
              "nodeType": "host",
              "props": Object {
                "children": undefined,
                "href": undefined,
              },
              "ref": null,
              "rendered": null,
              "type": "a",
            },
            Object {
              "instance": null,
              "key": undefined,
              "nodeType": "host",
              "props": Object {
                "children": Array [
                  <img
                    width="60"
                  />,
                  <a
                    href="asd"
                  />,
                  <span />,
                ],
              },
              "ref": null,
              "rendered": Array [
                Object {
                  "instance": null,
                  "key": undefined,
                  "nodeType": "host",
                  "props": Object {
                    "src": undefined,
                    "width": "60",
                  },
                  "ref": null,
                  "rendered": null,
                  "type": "img",
                },
                Object {
                  "instance": null,
                  "key": undefined,
                  "nodeType": "host",
                  "props": Object {
                    "children": undefined,
                    "href": "asd",
                  },
                  "ref": null,
                  "rendered": null,
                  "type": "a",
                },
                Object {
                  "instance": null,
                  "key": undefined,
                  "nodeType": "host",
                  "props": Object {
                    "children": undefined,
                  },
                  "ref": null,
                  "rendered": null,
                  "type": "span",
                },
              ],
              "type": "div",
            },
          ],
          "type": [Function],
        },
        Object {
          "instance": null,
          "key": undefined,
          "nodeType": "host",
          "props": Object {
            "children": <img />,
            "className": "browse",
          },
          "ref": null,
          "rendered": Object {
            "instance": null,
            "key": undefined,
            "nodeType": "host",
            "props": Object {},
            "ref": null,
            "rendered": null,
            "type": "img",
          },
          "type": "a",
        },
      ],
      "type": [Function],
    },
  ],
  Symbol(enzyme.__options__): Object {
    "adapter": ReactSixteenAdapter {
      "options": Object {
        "enableComponentDidUpdateOnSetState": true,
        "lifecycles": Object {
          "componentDidUpdate": Object {
            "onSetState": true,
          },
          "getDerivedStateFromProps": true,
          "getSnapshotBeforeUpdate": true,
          "setState": Object {
            "skipsComponentDidUpdateOnNullish": true,
          },
        },
      },
    },
  },
}
`;
